// Jest Snapshot v1, https://goo.gl/fbAQLP

exports[`mount a vue component 1`] = `
<div class="container">
  <div id="app">
    <div msg="BenimParametrem">
      <div class="alan1"><img src="../images/image1.jpg">
        <nuxt-link to="/uyegirispage/"><button class="buton1">Giriş Yap</button></nuxt-link>
        <nuxt-link to="/uyekayitpage/"><button class="buton2">Yeni Üyelik Oluştur</button></nuxt-link>
        <nuxt-link to="/Home/">
          <p class="metin1">Giriş yapmadan devam et</p>
        </nuxt-link>
      </div>
    </div>
  </div>
</div>
`;
